Microchip Technology Inc, v2.00 (B)

Tool Name:
  c:\program files\microchip\xc16\v2.00\bin\bin\..\bin/elf-ld.exe

Command:
  -p24FV32KA304 \
  --mdfp=C:/Program Files/Microchip/MPLABX/v5.50/packs/Microchip/PIC24F-KA-KL-KM_DFP/1.4.83/xc16 \
  -o \
  dist/default/production/radiotelescope-firmware.production.elf \
  -Lc:/program files/microchip/xc16/v2.00/bin/bin/.. \
  -LC:/Program Files/Microchip/MPLABX/v5.50/packs/Microchip/PIC24F-KA-KL-KM_DFP/1.4.83/xc16/bin/../support/PIC24F/gld \
  -Lc:/program files/microchip/xc16/v2.00/bin/bin/../../lib \
  -Lc:/program files/microchip/xc16/v2.00/bin/bin/../../support/PIC24E/gld \
  -Lc:/program files/microchip/xc16/v2.00/bin/bin/../../support/PIC24F/gld \
  -Lc:/program files/microchip/xc16/v2.00/bin/bin/../../support/PIC24H/gld \
  -Lc:/program files/microchip/xc16/v2.00/bin/bin/../../support/dsPIC30F/gld \
  -Lc:/program files/microchip/xc16/v2.00/bin/bin/../../support/dsPIC33C/gld \
  -Lc:/program files/microchip/xc16/v2.00/bin/bin/../../support/dsPIC33E/gld \
  -Lc:/program files/microchip/xc16/v2.00/bin/bin/../../support/dsPIC33F/gld \
  build/default/production/mcc_generated_files/uart2.o \
  build/default/production/mcc_generated_files/traps.o \
  build/default/production/mcc_generated_files/uart1.o \
  build/default/production/mcc_generated_files/pin_manager.o \
  build/default/production/mcc_generated_files/interrupt_manager.o \
  build/default/production/mcc_generated_files/i2c1.o \
  build/default/production/mcc_generated_files/adc1.o \
  build/default/production/mcc_generated_files/system.o \
  build/default/production/mcc_generated_files/clock.o \
  build/default/production/mcc_generated_files/tmr1.o \
  build/default/production/mcc_generated_files/mcc.o \
  build/default/production/main.o \
  build/default/production/diagnostic.o \
  build/default/production/common.o \
  --defsym=__MPLAB_BUILD=1 \
  -Tp24FV32KA304.gld.00 \
  --stack=16 \
  --check-sections \
  --data-init \
  --pack-data \
  --handles \
  --isr \
  --no-gc-sections \
  --fill-upper=0 \
  --stackguard=16 \
  --no-force-link \
  --smart-io \
  -Map=dist/default/production/radiotelescope-firmware.production.map \
  --report-mem \
  --memorysummary \
  dist/default/production/memoryfile.xml \
  -start-group \
  --library=c99-pic30-elf \
  --library=m-elf \
  --library=c99-elf \
  -end-group \


Optional library libpPIC24Fxxx.a not found
Archive member included because of file (symbol)

c:/program files/microchip/xc16/v2.00/bin/bin/../../lib\libc99-pic30-elf.a(crt0_standard.o)
                              (__resetPRI)
c:/program files/microchip/xc16/v2.00/bin/bin/../../lib\libc99-pic30-elf.a(data_init_standard.o)
                              c:/program files/microchip/xc16/v2.00/bin/bin/../../lib\libc99-pic30-elf.a(crt0_standard.o) (__data_init_standard)
c:/program files/microchip/xc16/v2.00/bin/bin/../../lib\libc99-pic30-elf.a(crt_start_mode_normal.Meo)
                              (__crt_start_mode_normal)
c:/program files/microchip/xc16/v2.00/bin/bin/../../lib\libc99-pic30-elf.a(delay32.Meo)
                              build/default/production/main.o (___delay32)
c:/program files/microchip/xc16/v2.00/bin/bin/../../lib\libc99-elf.a(__sio_printf_doux.XX_o)
                              build/default/production/main.o (__printf_cdnopuxX)
c:/program files/microchip/xc16/v2.00/bin/bin/../../lib\libc99-elf.a(puts.XX_o)
                              build/default/production/main.o (_puts)
c:/program files/microchip/xc16/v2.00/bin/bin/../../lib\libc99-elf.a(__fmt_d.XX_o)
                              c:/program files/microchip/xc16/v2.00/bin/bin/../../lib\libc99-elf.a(__sio_printf_doux.XX_o) (___fmt_d_needed)
c:/program files/microchip/xc16/v2.00/bin/bin/../../lib\libc99-elf.a(__fmt_o.XX_o)
                              c:/program files/microchip/xc16/v2.00/bin/bin/../../lib\libc99-elf.a(__sio_printf_doux.XX_o) (___fmt_o_needed)
c:/program files/microchip/xc16/v2.00/bin/bin/../../lib\libc99-elf.a(__fmt_s.XX_o)
                              c:/program files/microchip/xc16/v2.00/bin/bin/../../lib\libc99-elf.a(__sio_printf_doux.XX_o) (___fmt_s_needed)
c:/program files/microchip/xc16/v2.00/bin/bin/../../lib\libc99-elf.a(__fmt_u.XX_o)
                              c:/program files/microchip/xc16/v2.00/bin/bin/../../lib\libc99-elf.a(__fmt_d.XX_o) (___cvt_u)
c:/program files/microchip/xc16/v2.00/bin/bin/../../lib\libc99-elf.a(__fmt_x.XX_o)
                              c:/program files/microchip/xc16/v2.00/bin/bin/../../lib\libc99-elf.a(__sio_printf_doux.XX_o) (___fmt_x_needed)
c:/program files/microchip/xc16/v2.00/bin/bin/../../lib\libc99-elf.a(__int_vfprintf.XX_o)
                              c:/program files/microchip/xc16/v2.00/bin/bin/../../lib\libc99-elf.a(__sio_printf_doux.XX_o) (___vfprintf)
c:/program files/microchip/xc16/v2.00/bin/bin/../../lib\libc99-elf.a(__printf_core.XX_o)
[...]
Memory Configuration

Name             Origin             Length             Attributes
data             0x000800           0x000800           a !xr
reset            0x000000           0x000004  
ivt              0x000004           0x0000fc  
_reserved        0x000100           0x000004  
aivt             0x000104           0x0000fc  
program          0x000200           0x005600           xr
eedata           0x7ffe00           0x000200  
FBS              0xf80000           0x000002  
FGS              0xf80004           0x000002  
FOSCSEL          0xf80006           0x000002  
FOSC             0xf80008           0x000002  
FWDT             0xf8000a           0x000002  
FPOR             0xf8000c           0x000002  
FICD             0xf8000e           0x000002  
FDS              0xf80010           0x000002  
*default*        0x000000           0xffffffff  

Linker script and memory map

LOAD build/default/production/mcc_generated_files/uart2.o
LOAD build/default/production/mcc_generated_files/traps.o
LOAD build/default/production/mcc_generated_files/uart1.o
LOAD build/default/production/mcc_generated_files/pin_manager.o
LOAD build/default/production/mcc_generated_files/interrupt_manager.o
LOAD build/default/production/mcc_generated_files/i2c1.o
LOAD build/default/production/mcc_generated_files/adc1.o
LOAD build/default/production/mcc_generated_files/system.o
LOAD build/default/production/mcc_generated_files/clock.o
LOAD build/default/production/mcc_generated_files/tmr1.o
LOAD build/default/production/mcc_generated_files/mcc.o
LOAD build/default/production/main.o
LOAD build/default/production/diagnostic.o
LOAD build/default/production/common.o
                    0x0001                  __MPLAB_BUILD = 0x1
LOAD pPIC24Fxxx
LOAD c:/program files/microchip/xc16/v2.00/bin/bin/../../lib\libfx-elf.a
                    0xf80000                  __FBS = 0xf80000
                    0xf80004                  __FGS = 0xf80004
                    0xf80006                  __FOSCSEL = 0xf80006
                    0xf80008                  __FOSC = 0xf80008
                    0xf8000a                  __FWDT = 0xf8000a
                    0xf8000c                  __FPOR = 0xf8000c
                    0xf8000e                  __FICD = 0xf8000e
                    0xf80010                  __FDS = 0xf80010
                    0x0001                  __NO_HANDLES = 0x1
                    0x0200                  __CODE_BASE = 0x200
                    0x5600                  __CODE_LENGTH = 0x5600
                    0x0004                  __IVT_BASE = 0x4
                    0x0104                  __AIVT_BASE = 0x104
                    0x0800                  __DATA_BASE = 0x800
                    0x0800                  __DATA_LENGTH = 0x800

.reset            0x000000          0x4
                  0x000000          0x2 SHORT 0x200 ABSOLUTE (__reset)
                  0x000001          0x2 SHORT 0x4
                  0x000002          0x2 SHORT 0x0 ((ABSOLUTE (__reset) >> 0x10) & 0x7f)
                  0x000003          0x2 SHORT 0x0

.text             0x000200       0x137c
 *(.init)
 .init            0x000200         0x4c c:/program files/microchip/xc16/v2.00/bin/bin/../../lib\libc99-pic30-elf.a(crt0_standard.o)
                  0x000200                  __resetPRI
                  0x000200                  __reset
                  0x00023c                  __psv_init
 .init            0x00024c         0x7c c:/program files/microchip/xc16/v2.00/bin/bin/../../lib\libc99-pic30-elf.a(data_init_standard.o)
                  0x000252                  __data_init_standard
                  0x000252                  __data_init
 *(.user_init)
 *(.handle)
 *(.isr*)
 .isr.text        0x0002dc         0x82 build/default/production/mcc_generated_files/traps.o
                  0x0002dc                  __OscillatorFail
                  0x0002fc                  __StackError
                  0x00031e                  __AddressError
                  0x00033e                  __MathError
 .isr.text        0x00035e         0x2e build/default/production/mcc_generated_files/pin_manager.o
                  0x00035e                  __CNInterrupt
 .isr.text        0x00038c        0x286 build/default/production/mcc_generated_files/i2c1.o
                  0x00038c                  __MI2C1Interrupt
 .isr             0x000612          0x4 default_isr
                  0x000612                  __DefaultInterrupt
 *(.libc)
 .libc            0x000616         0x1e c:/program files/microchip/xc16/v2.00/bin/bin/../../lib\libc99-pic30-elf.a(lseek.Meo)
                  0x000616                  _lseek
 .libc            0x000634         0x18 c:/program files/microchip/xc16/v2.00/bin/bin/../../lib\libc99-pic30-elf.a(close.Meo)
                  0x000634                  _close
 *(.libm)
 *(.libdsp)
 *(.lib*)
 .libc.write      0x00064c         0x62 build/default/production/mcc_generated_files/uart2.o
                  0x00064c                  _write
 .libpic30_crt_start_mode
                  0x0006ae          0x2 c:/program files/microchip/xc16/v2.00/bin/bin/../../lib\libc99-pic30-elf.a(crt_start_mode_normal.Meo)
                  0x0006ae                  __crt_start_mode
                  0x0006ae                  __crt_start_mode_normal
 .libc.__wrap_printf
                  0x0006b0         0x10 c:/program files/microchip/xc16/v2.00/bin/bin/../../lib\libc99-elf.a(__sio_printf_doux.XX_o)
                  0x0006b0                  __printf_cdnopuxX
                  0x0006b0                  __dprintf_cdnopuxX
 .libc.__sio_printf_doux
                  0x0006c0          0xa c:/program files/microchip/xc16/v2.00/bin/bin/../../lib\libc99-elf.a(__sio_printf_doux.XX_o)
                  0x0006c0                  ___sio_printf_doux
 .libc.puts       0x0006ca         0x1a c:/program files/microchip/xc16/v2.00/bin/bin/../../lib\libc99-elf.a(puts.XX_o)
                  0x0006ca                  _puts
 .libc.__fmt_d    0x0006e4         0xb2 c:/program files/microchip/xc16/v2.00/bin/bin/../../lib\libc99-elf.a(__fmt_d.XX_o)
                  0x0006e4                  ___fmt_d
                  0x0006e4                  ___fmt_d_needed
 .libc.__fmt_o    0x000796         0x6a c:/program files/microchip/xc16/v2.00/bin/bin/../../lib\libc99-elf.a(__fmt_o.XX_o)
                  0x000796                  ___fmt_o
                  0x000796                  ___fmt_o_needed
 .libc.__fmt_s    0x000800         0x54 c:/program files/microchip/xc16/v2.00/bin/bin/../../lib\libc99-elf.a(__fmt_s.XX_o)
                  0x000800                  ___fmt_0_needed
                  0x000800                  ___fmt_s_needed
                  0x000800                  ___fmt_s
 .libc.__cvt_u    0x000854         0xa4 c:/program files/microchip/xc16/v2.00/bin/bin/../../lib\libc99-elf.a(__fmt_u.XX_o)
                  0x000854                  ___cvt_u
 .libc.__fmt_u    0x0008f8         0x52 c:/program files/microchip/xc16/v2.00/bin/bin/../../lib\libc99-elf.a(__fmt_u.XX_o)
                  0x0008f8                  ___fmt_u
                  0x0008f8                  ___fmt_u_needed
 .libc.__fmt_x    0x00094a        0x14a c:/program files/microchip/xc16/v2.00/bin/bin/../../lib\libc99-elf.a(__fmt_x.XX_o)
                  0x00094a                  ___fmt_x_needed
                  0x00094a                  ___fmt_x
 .libc.__vfprintf
                  0x000a94         0x1c c:/program files/microchip/xc16/v2.00/bin/bin/../../lib\libc99-elf.a(__int_vfprintf.XX_o)
                  0x000a94                  ___vfprintf
 .libc.__string_out
                  0x000ab0         0x28 c:/program files/microchip/xc16/v2.00/bin/bin/../../lib\libc99-elf.a(__printf_core.XX_o)
 .libc.__pad      0x000ad8         0x74 c:/program files/microchip/xc16/v2.00/bin/bin/../../lib\libc99-elf.a(__printf_core.XX_o)
                  0x000ad8                  ___pad
 .libc.__dummy_fmt3
                  0x000b4c          0x2 c:/program files/microchip/xc16/v2.00/bin/bin/../../lib\libc99-elf.a(__printf_core.XX_o)
 .libc.__dummy_fmt4
                  0x000b4e          0x2 c:/program files/microchip/xc16/v2.00/bin/bin/../../lib\libc99-elf.a(__printf_core.XX_o)
                  0x000b4e                  ___fmt_fp
                  0x000b4e                  ___fmt_a
 .libc.__dummy_fmts
                  0x000b50          0x2 c:/program files/microchip/xc16/v2.00/bin/bin/../../lib\libc99-elf.a(__printf_core.XX_o)
 .libc.__fmt_state
                  0x000b52         0x2c c:/program files/microchip/xc16/v2.00/bin/bin/../../lib\libc99-elf.a(__printf_core.XX_o)
                  0x000b52                  ___fmt_state
 .libc.vfpfcnvrt.clone.0
                  0x000b7e        0x2c0 c:/program files/microchip/xc16/v2.00/bin/bin/../../lib\libc99-elf.a(__printf_core.XX_o)
 .libc.__printf_core
                  0x000e3e         0x40 c:/program files/microchip/xc16/v2.00/bin/bin/../../lib\libc99-elf.a(__printf_core.XX_o)
                  0x000e3e                  ___printf_core
 .libc.fputs      0x000e7e         0x28 c:/program files/microchip/xc16/v2.00/bin/bin/../../lib\libc99-elf.a(fputs.XX_o)
                  0x000e7e                  _fputs_unlocked
                  0x000e7e                  _fputs
 .libc.__fwrite_min
                  0x000ea6          0x4 c:/program files/microchip/xc16/v2.00/bin/bin/../../lib\libc99-elf.a(fwrite.XX_o)
                  0x000ea6                  ___fwrite
 .libc.fwrite     0x000eaa         0x2c c:/program files/microchip/xc16/v2.00/bin/bin/../../lib\libc99-elf.a(fwrite.XX_o)
                  0x000eaa                  _fwrite
                  0x000eaa                  _fwrite_unlocked
 .libc.memcpy     0x000ed6          0xe c:/program files/microchip/xc16/v2.00/bin/bin/../../lib\libc99-elf.a(memcpy.XX_o)
                  0x000ed6                  _memcpy
 .libc.memset     0x000ee4         0xc6 c:/program files/microchip/xc16/v2.00/bin/bin/../../lib\libc99-elf.a(memset.XX_o)
                  0x000ee4                  _memset
 .libc.__putc_unbuffered
                  0x000faa         0x30 c:/program files/microchip/xc16/v2.00/bin/bin/../../lib\libc99-elf.a(putc.XX_o)
                  0x000faa                  ___putc
                  0x000faa                  ___putc_unbuffered
 .libc.putc       0x000fda          0x2 c:/program files/microchip/xc16/v2.00/bin/bin/../../lib\libc99-elf.a(putc.XX_o)
                  0x000fda                  _putc
                  0x000fda                  _fputc
                  0x000fda                  _putc_unlocked
                  0x000fda                  __IO_putc
 .libc.__dummy0
                  0x000fdc          0x2 c:/program files/microchip/xc16/v2.00/bin/bin/../../lib\libc99-elf.a(stdout.XX_o)
                  0x000fdc                  ___stdio_seek
 .libc.__dummy    0x000fde          0x4 c:/program files/microchip/xc16/v2.00/bin/bin/../../lib\libc99-elf.a(stdout.XX_o)
                  0x000fde                  ___get_stdout
 .libc.__init_stdout
                  0x000fe2          0x8 c:/program files/microchip/xc16/v2.00/bin/bin/../../lib\libc99-elf.a(stdout.XX_o)
                  0x000fe2                  ___init_stdout
 .libc.strlen     0x000fea         0x30 c:/program files/microchip/xc16/v2.00/bin/bin/../../lib\libc99-elf.a(strlen.XX_o)
                  0x000fea                  _strlen
 .libc.__string_out
                  0x00101a         0x28 c:/program files/microchip/xc16/v2.00/bin/bin/../../lib\libc99-elf.a(__out.XX_o)
 .libc.__fwrite_min
                  0x001042          0x4 c:/program files/microchip/xc16/v2.00/bin/bin/../../lib\libc99-elf.a(__out.XX_o)
                  0x001042                  ___stdio_write
                  0x001042                  ___stdio_write_unbuffered
 .libc.__out      0x001046         0x10 c:/program files/microchip/xc16/v2.00/bin/bin/../../lib\libc99-elf.a(__out.XX_o)
                  0x001046                  ___out_needed
                  0x001046                  ___out
 .libc.__stdio_close
                  0x001056         0x48 c:/program files/microchip/xc16/v2.00/bin/bin/../../lib\libc99-elf.a(__stdio_close.XX_o)
                  0x001056                  ___stdio_close
 .libc.__stdio_close_rw
                  0x00109e         0x64 c:/program files/microchip/xc16/v2.00/bin/bin/../../lib\libc99-elf.a(__stdio_close.XX_o)
                  0x00109e                  ___stdio_close_rw
 .libc.__isspace
                  0x001102         0x14 c:/program files/microchip/xc16/v2.00/bin/bin/../../lib\libc99-elf.a(atoi.XX_o)
 .libc.atoi       0x001116         0x4c c:/program files/microchip/xc16/v2.00/bin/bin/../../lib\libc99-elf.a(atoi.XX_o)
                  0x001116                  _atoi
 .libc.tolower    0x001162          0xc c:/program files/microchip/xc16/v2.00/bin/bin/../../lib\libc99-elf.a(tolower.XX_o)
                  0x001162                  _tolower
 .libc.__tolower_l
                  0x00116e          0x2 c:/program files/microchip/xc16/v2.00/bin/bin/../../lib\libc99-elf.a(tolower.XX_o)
                  0x00116e                  ___tolower_l
                  0x00116e                  _tolower_l
 .libc.toupper    0x001170          0xc c:/program files/microchip/xc16/v2.00/bin/bin/../../lib\libc99-elf.a(toupper.XX_o)
                  0x001170                  _toupper
 .libc.__toupper_l
                  0x00117c          0x2 c:/program files/microchip/xc16/v2.00/bin/bin/../../lib\libc99-elf.a(toupper.XX_o)
                  0x00117c                  ___toupper_l
                  0x00117c                  _toupper_l
 .libc.__pop_float
                  0x00117e         0x3e c:/program files/microchip/xc16/v2.00/bin/bin/../../lib\libc99-elf.a(__pop_float.XX_lo)
                  0x00117e                  ___pop_float
                  0x00117e                  ___pop_float_needed
 .libc.__pop_int
                  0x0011bc         0xb2 c:/program files/microchip/xc16/v2.00/bin/bin/../../lib\libc99-elf.a(__pop_int.XX_lo)
                  0x0011bc                  ___pop_int
                  0x0011bc                  ___pop_int_needed
 .libc.__pop_ptr
                  0x00126e         0x74 c:/program files/microchip/xc16/v2.00/bin/bin/../../lib\libc99-elf.a(__pop_ptr.XX_lo)
                  0x00126e                  ___pop_ptr_needed
                  0x00126e                  ___pop_ptr
 .libc.__dummy    0x0012e2          0x2 c:/program files/microchip/xc16/v2.00/bin/bin/../../lib\libc99-elf.a(__init_stdio.XX_o)
                  0x0012e2                  ___init_stderr
                  0x0012e2                  ___init_stdin
 .libc.__init_stdio
                  0x0012e4          0x6 c:/program files/microchip/xc16/v2.00/bin/bin/../../lib\libc99-elf.a(__init_stdio.XX_o)
                  0x0012e4                  ___init_stdio
                  0x0012e4                  ___init_stdio_needed
 .libm.extendsfdf2
                  0x0012ea         0x3e c:/program files/microchip/xc16/v2.00/bin/bin/../../lib\libc99-pic30-elf.a(extendsfdf.XX_o)
                  0x0012ea                  ___extendsfdf2
 .libm.funpack    0x001328         0x2a c:/program files/microchip/xc16/v2.00/bin/bin/../../lib\libc99-pic30-elf.a(funpack.XX_o)
                  0x001328                  __funpack
 .libm.mulsi3     0x001352          0xc c:/program files/microchip/xc16/v2.00/bin/bin/../../lib\libc99-pic30-elf.a(mulsi3.XX_o)
                  0x001352                  ___mulp32peds3
                  0x001352                  ___mulsi3
                  0x001352                  ___mulp32eds3
 .libc.dolseek    0x00135e          0x4 c:/program files/microchip/xc16/v2.00/bin/bin/../../lib\libc99-pic30-elf.a(lseek.Meo)
 .libc.doclose    0x001362          0x4 c:/program files/microchip/xc16/v2.00/bin/bin/../../lib\libc99-pic30-elf.a(close.Meo)
 .libm.__PplusBdi
                  0x001366         0x26 c:/program files/microchip/xc16/v2.00/bin/bin/../../lib\libc99-pic30-elf.a(divmoddi3.XX_o)
 .libm.__PminusBdi
                  0x00138c         0x26 c:/program files/microchip/xc16/v2.00/bin/bin/../../lib\libc99-pic30-elf.a(divmoddi3.XX_o)
 .libm.__udivmoddi3
                  0x0013b2         0xf8 c:/program files/microchip/xc16/v2.00/bin/bin/../../lib\libc99-pic30-elf.a(divmoddi3.XX_o)
                  0x0013b2                  ___udivmoddi3
 .libm.__udivdi3
                  0x0014aa          0xe c:/program files/microchip/xc16/v2.00/bin/bin/../../lib\libc99-pic30-elf.a(divmoddi3.XX_o)
                  0x0014aa                  ___udivdi3
 .libm.__umoddi3
                  0x0014b8          0x8 c:/program files/microchip/xc16/v2.00/bin/bin/../../lib\libc99-pic30-elf.a(divmoddi3.XX_o)
                  0x0014b8                  ___umoddi3
 .libm.__divdi3
                  0x0014c0         0x60 c:/program files/microchip/xc16/v2.00/bin/bin/../../lib\libc99-pic30-elf.a(divmoddi3.XX_o)
                  0x0014c0                  ___divdi3
 .libm.__moddi3
                  0x001520         0x5c c:/program files/microchip/xc16/v2.00/bin/bin/../../lib\libc99-pic30-elf.a(divmoddi3.XX_o)
                  0x001520                  ___moddi3

usercode
 *(usercode)

__FBS             0xf80000          0x2
 *(__FBS.sec*)
 __FBS.sec        0xf80000          0x2 /CW/_FBS\Þ
                  0xf80000                  __FBS.sec

__FGS             0xf80004          0x2
 *(__FGS.sec*)
 __FGS.sec        0xf80004          0x2 /CW/_FGS
                  0xf80004                  __FGS.sec

__FOSCSEL
 *(__FOSCSEL.sec*)

__FOSC
 *(__FOSC.sec*)

__FWDT
 *(__FWDT.sec*)

__FPOR
 *(__FPOR.sec*)

__FICD
 *(__FICD.sec*)

__FDS
 *(__FDS.sec*)

.comment
 *(.comment)

.debug_info       0x000000       0x6184
 *(.debug_info)
 .debug_info      0x000000        0x75e build/default/production/mcc_generated_files/uart2.o
 .debug_info      0x00075e        0x391 build/default/production/mcc_generated_files/traps.o
 .debug_info      0x000aef        0x6b5 build/default/production/mcc_generated_files/uart1.o
 .debug_info      0x0011a4        0x8ee build/default/production/mcc_generated_files/pin_manager.o
 .debug_info      0x001a92        0x404 build/default/production/mcc_generated_files/interrupt_manager.o
 .debug_info      0x001e96        0xf56 build/default/production/mcc_generated_files/i2c1.o
 .debug_info      0x002dec        0xcc8 build/default/production/mcc_generated_files/adc1.o
 .debug_info      0x003ab4        0x9f4 build/default/production/mcc_generated_files/system.o
 .debug_info      0x0044a8        0x250 build/default/production/mcc_generated_files/clock.o
 .debug_info      0x0046f8        0x715 build/default/production/mcc_generated_files/tmr1.o
 .debug_info      0x004e0d        0x3fe build/default/production/main.o
 .debug_info      0x00520b        0xc4a build/default/production/diagnostic.o
 .debug_info      0x005e55        0x186 build/default/production/common.o
 .debug_info      0x005fdb         0x90 c:/program files/microchip/xc16/v2.00/bin/bin/../../lib\libc99-pic30-elf.a(extendsfdf.XX_o)
 .debug_info      0x00606b         0x8d c:/program files/microchip/xc16/v2.00/bin/bin/../../lib\libc99-pic30-elf.a(funpack.XX_o)
 .debug_info      0x0060f8         0x8c c:/program files/microchip/xc16/v2.00/bin/bin/../../lib\libc99-pic30-elf.a(mulsi3.XX_o)
 *(.gnu.linkonce.wi.*)

.debug_abbrev     0x000000        0xd5a
 *(.debug_abbrev)
 .debug_abbrev    0x000000        0x169 build/default/production/mcc_generated_files/uart2.o
 .debug_abbrev    0x000169        0x10d build/default/production/mcc_generated_files/traps.o
 .debug_abbrev    0x000276        0x102 build/default/production/mcc_generated_files/uart1.o
 .debug_abbrev    0x000378        0x12f build/default/production/mcc_generated_files/pin_manager.o
 .debug_abbrev    0x0004a7         0xb4 build/default/production/mcc_generated_files/interrupt_manager.o
 .debug_abbrev    0x00055b        0x1e8 build/default/production/mcc_generated_files/i2c1.o
 .debug_abbrev    0x000743        0x12a build/default/production/mcc_generated_files/adc1.o
 .debug_abbrev    0x00086d         0xb4 build/default/production/mcc_generated_files/system.o
 .debug_abbrev    0x000921         0x59 build/default/production/mcc_generated_files/clock.o
 .debug_abbrev    0x00097a        0x148 build/default/production/mcc_generated_files/tmr1.o
 .debug_abbrev    0x000ac2          0x1 build/default/production/mcc_generated_files/mcc.o
 .debug_abbrev    0x000ac3         0xc4 build/default/production/main.o
 .debug_abbrev    0x000b87        0x161 build/default/production/diagnostic.o
 .debug_abbrev    0x000ce8         0x36 build/default/production/common.o
 .debug_abbrev    0x000d1e         0x14 c:/program files/microchip/xc16/v2.00/bin/bin/../../lib\libc99-pic30-elf.a(extendsfdf.XX_o)
 .debug_abbrev    0x000d32         0x14 c:/program files/microchip/xc16/v2.00/bin/bin/../../lib\libc99-pic30-elf.a(funpack.XX_o)
 .debug_abbrev    0x000d46         0x14 c:/program files/microchip/xc16/v2.00/bin/bin/../../lib\libc99-pic30-elf.a(mulsi3.XX_o)

.debug_line       0x000000       0x1147
 *(.debug_line)
 .debug_line      0x000000        0x16d build/default/production/mcc_generated_files/uart2.o
 .debug_line      0x00016d        0x14d build/default/production/mcc_generated_files/traps.o
 .debug_line      0x0002ba        0x142 build/default/production/mcc_generated_files/uart1.o
 .debug_line      0x0003fc        0x158 build/default/production/mcc_generated_files/pin_manager.o
 .debug_line      0x000554        0x129 build/default/production/mcc_generated_files/interrupt_manager.o
 .debug_line      0x00067d        0x207 build/default/production/mcc_generated_files/i2c1.o
 .debug_line      0x000884        0x142 build/default/production/mcc_generated_files/adc1.o
 .debug_line      0x0009c6        0x124 build/default/production/mcc_generated_files/system.o
 .debug_line      0x000aea        0x123 build/default/production/mcc_generated_files/clock.o
 .debug_line      0x000c0d        0x145 build/default/production/mcc_generated_files/tmr1.o
 .debug_line      0x000d52         0x1a build/default/production/mcc_generated_files/mcc.o
 .debug_line      0x000d6c        0x130 build/default/production/main.o
 .debug_line      0x000e9c        0x18f build/default/production/diagnostic.o
 .debug_line      0x00102b         0x3f build/default/production/common.o
 .debug_line      0x00106a         0x59 c:/program files/microchip/xc16/v2.00/bin/bin/../../lib\libc99-pic30-elf.a(extendsfdf.XX_o)
 .debug_line      0x0010c3         0x4a c:/program files/microchip/xc16/v2.00/bin/bin/../../lib\libc99-pic30-elf.a(funpack.XX_o)
 .debug_line      0x00110d         0x3a c:/program files/microchip/xc16/v2.00/bin/bin/../../lib\libc99-pic30-elf.a(mulsi3.XX_o)

.debug_frame      0x000000        0x9be
 *(.debug_frame)
 .debug_frame     0x000000        0x118 build/default/production/mcc_generated_files/uart2.o
 .debug_frame     0x000118        0x140 build/default/production/mcc_generated_files/traps.o
 .debug_frame     0x000258         0xfe build/default/production/mcc_generated_files/uart1.o
 .debug_frame     0x000356         0xba build/default/production/mcc_generated_files/pin_manager.o
 .debug_frame     0x000410         0x2e build/default/production/mcc_generated_files/interrupt_manager.o
 .debug_frame     0x00043e        0x170 build/default/production/mcc_generated_files/i2c1.o
 .debug_frame     0x0005ae         0xca build/default/production/mcc_generated_files/adc1.o
 .debug_frame     0x000678         0x2e build/default/production/mcc_generated_files/system.o
 .debug_frame     0x0006a6         0x2e build/default/production/mcc_generated_files/clock.o
 .debug_frame     0x0006d4        0x132 build/default/production/mcc_generated_files/tmr1.o
 .debug_frame     0x000806         0x3c build/default/production/main.o
 .debug_frame     0x000842        0x134 build/default/production/diagnostic.o
 .debug_frame     0x000976         0x48 build/default/production/common.o

.debug_str        0x000000        0x2c3
 *(.debug_str)
 .debug_str       0x000000         0x21 build/default/production/mcc_generated_files/uart2.o
 .debug_str       0x000021          0xc build/default/production/mcc_generated_files/traps.o
 .debug_str       0x00002d         0x15 build/default/production/mcc_generated_files/uart1.o
 .debug_str       0x000042         0x3a build/default/production/mcc_generated_files/pin_manager.o
 .debug_str       0x00007c          0x9 build/default/production/mcc_generated_files/interrupt_manager.o
 .debug_str       0x000085         0x53 build/default/production/mcc_generated_files/i2c1.o
 .debug_str       0x0000d8         0xac build/default/production/mcc_generated_files/adc1.o
 .debug_str       0x000184         0x84 build/default/production/mcc_generated_files/system.o
 .debug_str       0x000208         0x13 build/default/production/mcc_generated_files/tmr1.o
 .debug_str       0x00021b         0x1f build/default/production/main.o
 .debug_str       0x00023a         0x89 build/default/production/diagnostic.o

.debug_loc
 *(.debug_loc)

.debug_macinfo
 *(.debug_macinfo)

.debug_pubnames
                  0x000000        0x64d
 *(.debug_pubnames)
 .debug_pubnames
                  0x000000         0xd2 build/default/production/mcc_generated_files/uart2.o
 .debug_pubnames
                  0x0000d2         0x6f build/default/production/mcc_generated_files/traps.o
 .debug_pubnames
                  0x000141         0xb8 build/default/production/mcc_generated_files/uart1.o
 .debug_pubnames
                  0x0001f9         0x9f build/default/production/mcc_generated_files/pin_manager.o
 .debug_pubnames
                  0x000298         0x2b build/default/production/mcc_generated_files/interrupt_manager.o
 .debug_pubnames
                  0x0002c3        0x103 build/default/production/mcc_generated_files/i2c1.o
 .debug_pubnames
                  0x0003c6         0xa4 build/default/production/mcc_generated_files/adc1.o
 .debug_pubnames
                  0x00046a         0x28 build/default/production/mcc_generated_files/system.o
 .debug_pubnames
                  0x000492         0x27 build/default/production/mcc_generated_files/clock.o
 .debug_pubnames
                  0x0004b9        0x11a build/default/production/mcc_generated_files/tmr1.o
 .debug_pubnames
                  0x0005d3         0x1b build/default/production/main.o
 .debug_pubnames
                  0x0005ee         0x26 build/default/production/diagnostic.o
 .debug_pubnames
                  0x000614         0x39 build/default/production/common.o

.debug_ranges
 *(.debug_ranges)

.debug_aranges    0x000000        0x188
 *(.debug_aranges)
 .debug_aranges
                  0x000000         0x20 build/default/production/mcc_generated_files/uart2.o
 .debug_aranges
                  0x000020         0x18 build/default/production/mcc_generated_files/traps.o
 .debug_aranges
                  0x000038         0x18 build/default/production/mcc_generated_files/uart1.o
 .debug_aranges
                  0x000050         0x18 build/default/production/mcc_generated_files/pin_manager.o
 .debug_aranges
                  0x000068         0x18 build/default/production/mcc_generated_files/interrupt_manager.o
 .debug_aranges
                  0x000080         0x18 build/default/production/mcc_generated_files/i2c1.o
 .debug_aranges
                  0x000098         0x18 build/default/production/mcc_generated_files/adc1.o
 .debug_aranges
                  0x0000b0         0x18 build/default/production/mcc_generated_files/system.o
 .debug_aranges
                  0x0000c8         0x18 build/default/production/mcc_generated_files/clock.o
 .debug_aranges
                  0x0000e0         0x18 build/default/production/mcc_generated_files/tmr1.o
 .debug_aranges
                  0x0000f8         0x18 build/default/production/main.o
 .debug_aranges
                  0x000110         0x18 build/default/production/diagnostic.o
 .debug_aranges
                  0x000128         0x18 build/default/production/common.o
 .debug_aranges
                  0x000140         0x18 c:/program files/microchip/xc16/v2.00/bin/bin/../../lib\libc99-pic30-elf.a(extendsfdf.XX_o)
 .debug_aranges
                  0x000158         0x18 c:/program files/microchip/xc16/v2.00/bin/bin/../../lib\libc99-pic30-elf.a(funpack.XX_o)
 .debug_aranges
                  0x000170         0x18 c:/program files/microchip/xc16/v2.00/bin/bin/../../lib\libc99-pic30-elf.a(mulsi3.XX_o)
                    0x0000                  WREG0 = 0x0
                    0x0000                  _WREG0 = 0x0
                    0x0002                  WREG1 = 0x2
                    0x0002                  _WREG1 = 0x2
                    0x0004                  WREG2 = 0x4
                    0x0004                  _WREG2 = 0x4
                    0x0006                  WREG3 = 0x6
                    0x0006                  _WREG3 = 0x6
                    0x0008                  WREG4 = 0x8
                    0x0008                  _WREG4 = 0x8
                    0x000a                  WREG5 = 0xa
                    0x000a                  _WREG5 = 0xa
                    0x000c                  WREG6 = 0xc
                    0x000c                  _WREG6 = 0xc
                    0x000e                  WREG7 = 0xe
                    0x000e                  _WREG7 = 0xe
                    0x0010                  WREG8 = 0x10
                    0x0010                  _WREG8 = 0x10
                    0x0012                  WREG9 = 0x12
                    0x0012                  _WREG9 = 0x12
                    0x0014                  WREG10 = 0x14
                    0x0014                  _WREG10 = 0x14
                    0x0016                  WREG11 = 0x16
                    0x0016                  _WREG11 = 0x16
                    0x0018                  WREG12 = 0x18
                    0x0018                  _WREG12 = 0x18
                    0x001a                  WREG13 = 0x1a
                    0x001a                  _WREG13 = 0x1a
                    0x001c                  WREG14 = 0x1c
                    0x001c                  _WREG14 = 0x1c
                    0x001e                  WREG15 = 0x1e
                    0x001e                  _WREG15 = 0x1e
                    0x0020                  SPLIM = 0x20
                    0x0020                  _SPLIM = 0x20
                    0x002e                  PCL = 0x2e
                    0x002e                  _PCL = 0x2e
                    0x0030                  PCH = 0x30
                    0x0030                  _PCH = 0x30
                    0x0032                  TBLPAG = 0x32
                    0x0032                  _TBLPAG = 0x32
                    0x0034                  PSVPAG = 0x34
                    0x0034                  _PSVPAG = 0x34
                    0x0036                  RCOUNT = 0x36
                    0x0036                  _RCOUNT = 0x36
                    0x0036                  _RCOUNTbits = 0x36
                    0x0042                  SR = 0x42
                    0x0042                  _SR = 0x42
                    0x0042                  _SRbits = 0x42
                    0x0044                  CORCON = 0x44
                    0x0044                  _CORCON = 0x44
                    0x0044                  _CORCONbits = 0x44
                    0x0052                  DISICNT = 0x52
                    0x0052                  _DISICNT = 0x52
                    0x0056                  CNPD1 = 0x56
                    0x0056                  _CNPD1 = 0x56
                    0x0056                  _CNPD1bits = 0x56
                    0x0058                  CNPD2 = 0x58
                    0x0058                  _CNPD2 = 0x58
                    0x0058                  _CNPD2bits = 0x58
                    0x005a                  CNPD3 = 0x5a
                    0x005a                  _CNPD3 = 0x5a
                    0x005a                  _CNPD3bits = 0x5a
                    0x0062                  CNEN1 = 0x62
                    0x0062                  _CNEN1 = 0x62
                    0x0062                  _CNEN1bits = 0x62
                    0x0064                  CNEN2 = 0x64
                    0x0064                  _CNEN2 = 0x64
                    0x0064                  _CNEN2bits = 0x64
                    0x0066                  CNEN3 = 0x66
                    0x0066                  _CNEN3 = 0x66
                    0x0066                  _CNEN3bits = 0x66
                    0x006e                  CNPU1 = 0x6e
                    0x006e                  _CNPU1 = 0x6e
                    0x006e                  _CNPU1bits = 0x6e
                    0x0070                  CNPU2 = 0x70
                    0x0070                  _CNPU2 = 0x70
                    0x0070                  _CNPU2bits = 0x70
                    0x0072                  CNPU3 = 0x72
                    0x0072                  _CNPU3 = 0x72
                    0x0072                  _CNPU3bits = 0x72
                    0x0080                  INTCON1 = 0x80
                    0x0080                  _INTCON1 = 0x80
                    0x0080                  _INTCON1bits = 0x80
                    0x0082                  INTCON2 = 0x82
                    0x0082                  _INTCON2 = 0x82
                    0x0082                  _INTCON2bits = 0x82
                    0x0084                  IFS0 = 0x84
                    0x0084                  _IFS0 = 0x84
                    0x0084                  _IFS0bits = 0x84
                    0x0086                  IFS1 = 0x86
                    0x0086                  _IFS1 = 0x86
                    0x0086                  _IFS1bits = 0x86
                    0x0088                  IFS2 = 0x88
                    0x0088                  _IFS2 = 0x88
                    0x0088                  _IFS2bits = 0x88
                    0x008a                  IFS3 = 0x8a
                    0x008a                  _IFS3 = 0x8a
                    0x008a                  _IFS3bits = 0x8a
                    0x008c                  IFS4 = 0x8c
                    0x008c                  _IFS4 = 0x8c
                    0x008c                  _IFS4bits = 0x8c
                    0x008e                  IFS5 = 0x8e
                    0x008e                  _IFS5 = 0x8e
                    0x008e                  _IFS5bits = 0x8e
                    0x0094                  IEC0 = 0x94
                    0x0094                  _IEC0 = 0x94
                    0x0094                  _IEC0bits = 0x94
                    0x0096                  IEC1 = 0x96
                    0x0096                  _IEC1 = 0x96
                    0x0096                  _IEC1bits = 0x96
                    0x0098                  IEC2 = 0x98
                    0x0098                  _IEC2 = 0x98
                    0x0098                  _IEC2bits = 0x98
                    0x009a                  IEC3 = 0x9a
                    0x009a                  _IEC3 = 0x9a
                    0x009a                  _IEC3bits = 0x9a
                    0x009c                  IEC4 = 0x9c
                    0x009c                  _IEC4 = 0x9c
                    0x009c                  _IEC4bits = 0x9c
                    0x009e                  IEC5 = 0x9e
                    0x009e                  _IEC5 = 0x9e
                    0x009e                  _IEC5bits = 0x9e
                    0x00a4                  IPC0 = 0xa4
                    0x00a4                  _IPC0 = 0xa4
                    0x00a4                  _IPC0bits = 0xa4
                    0x00a6                  IPC1 = 0xa6
                    0x00a6                  _IPC1 = 0xa6
                    0x00a6                  _IPC1bits = 0xa6
                    0x00a8                  IPC2 = 0xa8
                    0x00a8                  _IPC2 = 0xa8
                    0x00a8                  _IPC2bits = 0xa8
                    0x00aa                  IPC3 = 0xaa
                    0x00aa                  _IPC3 = 0xaa
                    0x00aa                  _IPC3bits = 0xaa
                    0x00ac                  IPC4 = 0xac
                    0x00ac                  _IPC4 = 0xac
                    0x00ac                  _IPC4bits = 0xac
                    0x00ae                  IPC5 = 0xae
                    0x00ae                  _IPC5 = 0xae
                    0x00ae                  _IPC5bits = 0xae
                    0x00b0                  IPC6 = 0xb0
                    0x00b0                  _IPC6 = 0xb0
                    0x00b0                  _IPC6bits = 0xb0
                    0x00b2                  IPC7 = 0xb2
                    0x00b2                  _IPC7 = 0xb2
                    0x00b2                  _IPC7bits = 0xb2
                    0x00b4                  IPC8 = 0xb4
                    0x00b4                  _IPC8 = 0xb4
                    0x00b4                  _IPC8bits = 0xb4
                    0x00b6                  IPC9 = 0xb6
                    0x00b6                  _IPC9 = 0xb6
                    0x00b6                  _IPC9bits = 0xb6
                    0x00bc                  IPC12 = 0xbc
                    0x00bc                  _IPC12 = 0xbc
                    0x00bc                  _IPC12bits = 0xbc
                    0x00c2                  IPC15 = 0xc2
                    0x00c2                  _IPC15 = 0xc2
                    0x00c2                  _IPC15bits = 0xc2
                    0x00c4                  IPC16 = 0xc4
                    0x00c4                  _IPC16 = 0xc4
                    0x00c4                  _IPC16bits = 0xc4
                    0x00c8                  IPC18 = 0xc8
                    0x00c8                  _IPC18 = 0xc8
                    0x00c8                  _IPC18bits = 0xc8
                    0x00ca                  IPC19 = 0xca
                    0x00ca                  _IPC19 = 0xca
                    0x00ca                  _IPC19bits = 0xca
                    0x00cc                  IPC20 = 0xcc
                    0x00cc                  _IPC20 = 0xcc
                    0x00cc                  _IPC20bits = 0xcc
                    0x00e0                  INTTREG = 0xe0
                    0x00e0                  _INTTREG = 0xe0
                    0x00e0                  _INTTREGbits = 0xe0
                    0x0100                  TMR1 = 0x100
                    0x0100                  _TMR1 = 0x100
                    0x0102                  PR1 = 0x102
                    0x0102                  _PR1 = 0x102
                    0x0104                  T1CON = 0x104
                    0x0104                  _T1CON = 0x104
                    0x0104                  _T1CONbits = 0x104
                    0x0106                  TMR2 = 0x106
                    0x0106                  _TMR2 = 0x106
                    0x0108                  TMR3HLD = 0x108
                    0x0108                  _TMR3HLD = 0x108
                    0x010a                  TMR3 = 0x10a
                    0x010a                  _TMR3 = 0x10a
                    0x010c                  PR2 = 0x10c
                    0x010c                  _PR2 = 0x10c
                    0x010e                  PR3 = 0x10e
                    0x010e                  _PR3 = 0x10e
                    0x0110                  T2CON = 0x110
                    0x0110                  _T2CON = 0x110
                    0x0110                  _T2CONbits = 0x110
                    0x0112                  T3CON = 0x112
                    0x0112                  _T3CON = 0x112
                    0x0112                  _T3CONbits = 0x112
                    0x0114                  TMR4 = 0x114
                    0x0114                  _TMR4 = 0x114
                    0x0116                  TMR5HLD = 0x116
                    0x0116                  _TMR5HLD = 0x116
                    0x0118                  TMR5 = 0x118
                    0x0118                  _TMR5 = 0x118
                    0x011a                  PR4 = 0x11a
                    0x011a                  _PR4 = 0x11a
                    0x011c                  PR5 = 0x11c
                    0x011c                  _PR5 = 0x11c
                    0x011e                  T4CON = 0x11e
                    0x011e                  _T4CON = 0x11e
                    0x011e                  _T4CONbits = 0x11e
                    0x0120                  T5CON = 0x120
                    0x0120                  _T5CON = 0x120
                    0x0120                  _T5CONbits = 0x120
                    0x0140                  IC1CON1 = 0x140
                    0x0140                  _IC1CON1 = 0x140
                    0x0140                  _IC1CON1bits = 0x140
                    0x0142                  IC1CON2 = 0x142
                    0x0142                  _IC1CON2 = 0x142
                    0x0142                  _IC1CON2bits = 0x142
                    0x0144                  IC1BUF = 0x144
                    0x0144                  _IC1BUF = 0x144
                    0x0146                  IC1TMR = 0x146
                    0x0146                  _IC1TMR = 0x146
                    0x0148                  IC2CON1 = 0x148
                    0x0148                  _IC2CON1 = 0x148
                    0x0148                  _IC2CON1bits = 0x148
                    0x014a                  IC2CON2 = 0x14a
                    0x014a                  _IC2CON2 = 0x14a
                    0x014a                  _IC2CON2bits = 0x14a
                    0x014c                  IC2BUF = 0x14c
                    0x014c                  _IC2BUF = 0x14c
                    0x014e                  IC2TMR = 0x14e
                    0x014e                  _IC2TMR = 0x14e
                    0x0150                  IC3CON1 = 0x150
                    0x0150                  _IC3CON1 = 0x150
                    0x0150                  _IC3CON1bits = 0x150
                    0x0152                  IC3CON2 = 0x152
                    0x0152                  _IC3CON2 = 0x152
                    0x0152                  _IC3CON2bits = 0x152
                    0x0154                  IC3BUF = 0x154
                    0x0154                  _IC3BUF = 0x154
                    0x0156                  IC3TMR = 0x156
                    0x0156                  _IC3TMR = 0x156
                    0x0190                  OC1CON1 = 0x190
                    0x0190                  _OC1CON1 = 0x190
                    0x0190                  _OC1CON1bits = 0x190
                    0x0192                  OC1CON2 = 0x192
                    0x0192                  _OC1CON2 = 0x192
                    0x0192                  _OC1CON2bits = 0x192
                    0x0194                  OC1RS = 0x194
                    0x0194                  _OC1RS = 0x194
                    0x0196                  OC1R = 0x196
                    0x0196                  _OC1R = 0x196
                    0x0198                  OC1TMR = 0x198
                    0x0198                  _OC1TMR = 0x198
                    0x019a                  OC2CON1 = 0x19a
                    0x019a                  _OC2CON1 = 0x19a
                    0x019a                  _OC2CON1bits = 0x19a
                    0x019c                  OC2CON2 = 0x19c
                    0x019c                  _OC2CON2 = 0x19c
                    0x019c                  _OC2CON2bits = 0x19c
                    0x019e                  OC2RS = 0x19e
                    0x019e                  _OC2RS = 0x19e
                    0x01a0                  OC2R = 0x1a0
                    0x01a0                  _OC2R = 0x1a0
                    0x01a2                  OC2TMR = 0x1a2
                    0x01a2                  _OC2TMR = 0x1a2
                    0x01a4                  OC3CON1 = 0x1a4
                    0x01a4                  _OC3CON1 = 0x1a4
                    0x01a4                  _OC3CON1bits = 0x1a4
                    0x01a6                  OC3CON2 = 0x1a6
                    0x01a6                  _OC3CON2 = 0x1a6
                    0x01a6                  _OC3CON2bits = 0x1a6
                    0x01a8                  OC3RS = 0x1a8
                    0x01a8                  _OC3RS = 0x1a8
                    0x01aa                  OC3R = 0x1aa
                    0x01aa                  _OC3R = 0x1aa
                    0x01ac                  OC3TMR = 0x1ac
                    0x01ac                  _OC3TMR = 0x1ac
                    0x0200                  I2C1RCV = 0x200
                    0x0200                  _I2C1RCV = 0x200
                    0x0202                  I2C1TRN = 0x202
                    0x0202                  _I2C1TRN = 0x202
                    0x0204                  I2C1BRG = 0x204
                    0x0204                  _I2C1BRG = 0x204
                    0x0206                  I2C1CON = 0x206
                    0x0206                  _I2C1CON = 0x206
                    0x0206                  _I2C1CONbits = 0x206
                    0x0208                  I2C1STAT = 0x208
                    0x0208                  _I2C1STAT = 0x208
                    0x0208                  _I2C1STATbits = 0x208
                    0x020a                  I2C1ADD = 0x20a
                    0x020a                  _I2C1ADD = 0x20a
                    0x020c                  I2C1MSK = 0x20c
                    0x020c                  _I2C1MSK = 0x20c
                    0x0210                  I2C2RCV = 0x210
                    0x0210                  _I2C2RCV = 0x210
                    0x0212                  I2C2TRN = 0x212
                    0x0212                  _I2C2TRN = 0x212
                    0x0214                  I2C2BRG = 0x214
                    0x0214                  _I2C2BRG = 0x214
                    0x0216                  I2C2CON = 0x216
                    0x0216                  _I2C2CON = 0x216
                    0x0216                  _I2C2CONbits = 0x216
                    0x0218                  I2C2STAT = 0x218
                    0x0218                  _I2C2STAT = 0x218
                    0x0218                  _I2C2STATbits = 0x218
                    0x021a                  I2C2ADD = 0x21a
                    0x021a                  _I2C2ADD = 0x21a
                    0x021c                  I2C2MSK = 0x21c
                    0x021c                  _I2C2MSK = 0x21c
                    0x0220                  U1MODE = 0x220
                    0x0220                  _U1MODE = 0x220
                    0x0220                  _U1MODEbits = 0x220
                    0x0222                  U1STA = 0x222
                    0x0222                  _U1STA = 0x222
                    0x0222                  _U1STAbits = 0x222
                    0x0224                  U1TXREG = 0x224
                    0x0224                  _U1TXREG = 0x224
                    0x0224                  _U1TXREGbits = 0x224
                    0x0226                  U1RXREG = 0x226
                    0x0226                  _U1RXREG = 0x226
                    0x0226                  _U1RXREGbits = 0x226
                    0x0228                  U1BRG = 0x228
                    0x0228                  _U1BRG = 0x228
                    0x0230                  U2MODE = 0x230
                    0x0230                  _U2MODE = 0x230
                    0x0230                  _U2MODEbits = 0x230
                    0x0232                  U2STA = 0x232
                    0x0232                  _U2STA = 0x232
                    0x0232                  _U2STAbits = 0x232
                    0x0234                  U2TXREG = 0x234
                    0x0234                  _U2TXREG = 0x234
                    0x0234                  _U2TXREGbits = 0x234
                    0x0236                  U2RXREG = 0x236
                    0x0236                  _U2RXREG = 0x236
                    0x0236                  _U2RXREGbits = 0x236
                    0x0238                  U2BRG = 0x238
                    0x0238                  _U2BRG = 0x238
                    0x0240                  SPI1STAT = 0x240
                    0x0240                  _SPI1STAT = 0x240
                    0x0240                  _SPI1STATbits = 0x240
                    0x0242                  SPI1CON1 = 0x242
                    0x0242                  _SPI1CON1 = 0x242
                    0x0242                  _SPI1CON1bits = 0x242
                    0x0244                  SPI1CON2 = 0x244
                    0x0244                  _SPI1CON2 = 0x244
                    0x0244                  _SPI1CON2bits = 0x244
                    0x0248                  SPI1BUF = 0x248
                    0x0248                  _SPI1BUF = 0x248
                    0x0260                  SPI2STAT = 0x260
                    0x0260                  _SPI2STAT = 0x260
                    0x0260                  _SPI2STATbits = 0x260
                    0x0262                  SPI2CON1 = 0x262
                    0x0262                  _SPI2CON1 = 0x262
                    0x0262                  _SPI2CON1bits = 0x262
                    0x0264                  SPI2CON2 = 0x264
                    0x0264                  _SPI2CON2 = 0x264
                    0x0264                  _SPI2CON2bits = 0x264
                    0x0268                  SPI2BUF = 0x268
                    0x0268                  _SPI2BUF = 0x268
                    0x02c0                  TRISA = 0x2c0
                    0x02c0                  _TRISA = 0x2c0
                    0x02c0                  _TRISAbits = 0x2c0
                    0x02c2                  PORTA = 0x2c2
                    0x02c2                  _PORTA = 0x2c2
                    0x02c2                  _PORTAbits = 0x2c2
                    0x02c4                  LATA = 0x2c4
                    0x02c4                  _LATA = 0x2c4
                    0x02c4                  _LATAbits = 0x2c4
                    0x02c6                  ODCA = 0x2c6
                    0x02c6                  _ODCA = 0x2c6
                    0x02c6                  _ODCAbits = 0x2c6
                    0x02c8                  TRISB = 0x2c8
                    0x02c8                  _TRISB = 0x2c8
                    0x02c8                  _TRISBbits = 0x2c8
                    0x02ca                  PORTB = 0x2ca
                    0x02ca                  _PORTB = 0x2ca
                    0x02ca                  _PORTBbits = 0x2ca
                    0x02cc                  LATB = 0x2cc
                    0x02cc                  _LATB = 0x2cc
                    0x02cc                  _LATBbits = 0x2cc
                    0x02ce                  ODCB = 0x2ce
                    0x02ce                  _ODCB = 0x2ce
                    0x02ce                  _ODCBbits = 0x2ce
                    0x02d0                  TRISC = 0x2d0
                    0x02d0                  _TRISC = 0x2d0
                    0x02d0                  _TRISCbits = 0x2d0
                    0x02d2                  PORTC = 0x2d2
                    0x02d2                  _PORTC = 0x2d2
                    0x02d2                  _PORTCbits = 0x2d2
                    0x02d4                  LATC = 0x2d4
                    0x02d4                  _LATC = 0x2d4
                    0x02d4                  _LATCbits = 0x2d4
                    0x02d6                  ODCC = 0x2d6
                    0x02d6                  _ODCC = 0x2d6
                    0x02d6                  _ODCCbits = 0x2d6
                    0x02fc                  PADCFG1 = 0x2fc
                    0x02fc                  _PADCFG1 = 0x2fc
                    0x02fc                  _PADCFG1bits = 0x2fc
                    0x0300                  ADC1BUF0 = 0x300
                    0x0300                  _ADC1BUF0 = 0x300
                    0x0302                  ADC1BUF1 = 0x302
                    0x0302                  _ADC1BUF1 = 0x302
                    0x0304                  ADC1BUF2 = 0x304
                    0x0304                  _ADC1BUF2 = 0x304
                    0x0306                  ADC1BUF3 = 0x306
                    0x0306                  _ADC1BUF3 = 0x306
                    0x0308                  ADC1BUF4 = 0x308
                    0x0308                  _ADC1BUF4 = 0x308
                    0x030a                  ADC1BUF5 = 0x30a
                    0x030a                  _ADC1BUF5 = 0x30a
                    0x030c                  ADC1BUF6 = 0x30c
                    0x030c                  _ADC1BUF6 = 0x30c
                    0x030e                  ADC1BUF7 = 0x30e
                    0x030e                  _ADC1BUF7 = 0x30e
                    0x0310                  ADC1BUF8 = 0x310
                    0x0310                  _ADC1BUF8 = 0x310
                    0x0312                  ADC1BUF9 = 0x312
                    0x0312                  _ADC1BUF9 = 0x312
                    0x0314                  ADC1BUF10 = 0x314
                    0x0314                  _ADC1BUF10 = 0x314
                    0x0316                  ADC1BUF11 = 0x316
                    0x0316                  _ADC1BUF11 = 0x316
                    0x0318                  ADC1BUF12 = 0x318
                    0x0318                  _ADC1BUF12 = 0x318
                    0x031a                  ADC1BUF13 = 0x31a
                    0x031a                  _ADC1BUF13 = 0x31a
                    0x031c                  ADC1BUF14 = 0x31c
                    0x031c                  _ADC1BUF14 = 0x31c
                    0x031e                  ADC1BUF15 = 0x31e
                    0x031e                  _ADC1BUF15 = 0x31e
                    0x0320                  ADC1BUF16 = 0x320
                    0x0320                  _ADC1BUF16 = 0x320
                    0x0322                  ADC1BUF17 = 0x322
                    0x0322                  _ADC1BUF17 = 0x322
                    0x0340                  AD1CON1 = 0x340
                    0x0340                  _AD1CON1 = 0x340
                    0x0340                  _AD1CON1bits = 0x340
                    0x0342                  AD1CON2 = 0x342
                    0x0342                  _AD1CON2 = 0x342
                    0x0342                  _AD1CON2bits = 0x342
                    0x0344                  AD1CON3 = 0x344
                    0x0344                  _AD1CON3 = 0x344
                    0x0344                  _AD1CON3bits = 0x344
                    0x0348                  AD1CHS = 0x348
                    0x0348                  _AD1CHS = 0x348
                    0x0348                  _AD1CHSbits = 0x348
                    0x034e                  AD1CSSH = 0x34e
                    0x034e                  _AD1CSSH = 0x34e
                    0x034e                  _AD1CSSHbits = 0x34e
                    0x0350                  AD1CSSL = 0x350
                    0x0350                  _AD1CSSL = 0x350
                    0x0350                  _AD1CSSLbits = 0x350
                    0x0354                  AD1CON5 = 0x354
                    0x0354                  _AD1CON5 = 0x354
                    0x0354                  _AD1CON5bits = 0x354
                    0x0356                  AD1CHITH = 0x356
                    0x0356                  _AD1CHITH = 0x356
                    0x0356                  _AD1CHITHbits = 0x356
                    0x0358                  AD1CHITL = 0x358
                    0x0358                  _AD1CHITL = 0x358
                    0x0358                  _AD1CHITLbits = 0x358
                    0x035a                  CTMUCON1 = 0x35a
                    0x035a                  _CTMUCON1 = 0x35a
                    0x035a                  _CTMUCON1bits = 0x35a
                    0x035c                  CTMUCON2 = 0x35c
                    0x035c                  _CTMUCON2 = 0x35c
                    0x035c                  _CTMUCON2bits = 0x35c
                    0x035e                  CTMUICON = 0x35e
                    0x035e                  _CTMUICON = 0x35e
                    0x035e                  _CTMUICONbits = 0x35e
                    0x0360                  AD1CTMUENH = 0x360
                    0x0360                  _AD1CTMUENH = 0x360
                    0x0360                  _AD1CTMUENHbits = 0x360
                    0x0362                  AD1CTMUENL = 0x362
                    0x0362                  _AD1CTMUENL = 0x362
                    0x0362                  _AD1CTMUENLbits = 0x362
                    0x04e0                  ANSA = 0x4e0
                    0x04e0                  _ANSA = 0x4e0
                    0x04e0                  _ANSAbits = 0x4e0
                    0x04e0                  ANSELA = 0x4e0
                    0x04e0                  _ANSELA = 0x4e0
                    0x04e0                  _ANSELAbits = 0x4e0
                    0x04e2                  ANSB = 0x4e2
                    0x04e2                  _ANSB = 0x4e2
                    0x04e2                  _ANSBbits = 0x4e2
                    0x04e2                  ANSELB = 0x4e2
                    0x04e2                  _ANSELB = 0x4e2
                    0x04e2                  _ANSELBbits = 0x4e2
                    0x04e4                  ANSC = 0x4e4
                    0x04e4                  _ANSC = 0x4e4
                    0x04e4                  _ANSCbits = 0x4e4
                    0x04e4                  ANSELC = 0x4e4
                    0x04e4                  _ANSELC = 0x4e4
                    0x04e4                  _ANSELCbits = 0x4e4
                    0x0620                  ALRMVAL = 0x620
                    0x0620                  _ALRMVAL = 0x620
                    0x0622                  ALCFGRPT = 0x622
                    0x0622                  _ALCFGRPT = 0x622
                    0x0622                  _ALCFGRPTbits = 0x622
                    0x0624                  RTCVAL = 0x624
                    0x0624                  _RTCVAL = 0x624
                    0x0626                  RCFGCAL = 0x626
                    0x0626                  _RCFGCAL = 0x626
                    0x0626                  _RCFGCALbits = 0x626
                    0x0628                  RTCPWC = 0x628
                    0x0628                  _RTCPWC = 0x628
                    0x0628                  _RTCPWCbits = 0x628
                    0x0630                  CMSTAT = 0x630
                    0x0630                  _CMSTAT = 0x630
                    0x0630                  _CMSTATbits = 0x630
                    0x0632                  CVRCON = 0x632
                    0x0632                  _CVRCON = 0x632
                    0x0632                  _CVRCONbits = 0x632
                    0x0634                  CM1CON = 0x634
                    0x0634                  _CM1CON = 0x634
                    0x0634                  _CM1CONbits = 0x634
                    0x0636                  CM2CON = 0x636
                    0x0636                  _CM2CON = 0x636
                    0x0636                  _CM2CONbits = 0x636
                    0x0638                  CM3CON = 0x638
                    0x0638                  _CM3CON = 0x638
                    0x0638                  _CM3CONbits = 0x638
                    0x0640                  CRCCON1 = 0x640
                    0x0640                  _CRCCON1 = 0x640
                    0x0640                  _CRCCON1bits = 0x640
                    0x0642                  CRCCON2 = 0x642
                    0x0642                  _CRCCON2 = 0x642
                    0x0642                  _CRCCON2bits = 0x642
                    0x0644                  CRCXOR = 0x644
                    0x0644                  _CRCXOR = 0x644
                    0x0644                  _CRCXORbits = 0x644
                    0x0644                  CRCXORL = 0x644
                    0x0644                  _CRCXORL = 0x644
                    0x0644                  _CRCXORLbits = 0x644
                    0x0646                  CRCXORH = 0x646
                    0x0646                  _CRCXORH = 0x646
                    0x0646                  _CRCXORHbits = 0x646
                    0x0648                  CRCDAT = 0x648
                    0x0648                  _CRCDAT = 0x648
                    0x0648                  CRCDAT32 = 0x648
                    0x0648                  _CRCDAT32 = 0x648
                    0x0648                  CRCDAT8 = 0x648
                    0x0648                  _CRCDAT8 = 0x648
                    0x0648                  CRCDATL = 0x648
                    0x0648                  _CRCDATL = 0x648
                    0x064a                  CRCDATH = 0x64a
                    0x064a                  _CRCDATH = 0x64a
                    0x064c                  CRCWDAT = 0x64c
                    0x064c                  _CRCWDAT = 0x64c
                    0x064c                  CRCWDATL = 0x64c
                    0x064c                  _CRCWDATL = 0x64c
                    0x064e                  CRCWDATH = 0x64e
                    0x064e                  _CRCWDATH = 0x64e
                    0x0740                  RCON = 0x740
                    0x0740                  _RCON = 0x740
                    0x0740                  _RCONbits = 0x740
                    0x0742                  OSCCON = 0x742
                    0x0742                  _OSCCON = 0x742
                    0x0742                  _OSCCONbits = 0x742
                    0x0742                  OSCCONL = 0x742
                    0x0742                  _OSCCONL = 0x742
                    0x0743                  OSCCONH = 0x743
                    0x0743                  _OSCCONH = 0x743
                    0x0744                  CLKDIV = 0x744
                    0x0744                  _CLKDIV = 0x744
                    0x0744                  _CLKDIVbits = 0x744
                    0x0748                  OSCTUN = 0x748
                    0x0748                  _OSCTUN = 0x748
                    0x0748                  _OSCTUNbits = 0x748
                    0x074e                  REFOCON = 0x74e
                    0x074e                  _REFOCON = 0x74e
                    0x074e                  _REFOCONbits = 0x74e
                    0x0756                  HLVDCON = 0x756
                    0x0756                  _HLVDCON = 0x756
                    0x0756                  _HLVDCONbits = 0x756
                    0x0758                  DSCON = 0x758
                    0x0758                  _DSCON = 0x758
                    0x0758                  _DSCONbits = 0x758
                    0x075a                  DSWAKE = 0x75a
                    0x075a                  _DSWAKE = 0x75a
                    0x075a                  _DSWAKEbits = 0x75a
                    0x075a                  DSWSRC = 0x75a
                    0x075a                  _DSWSRC = 0x75a
                    0x075a                  _DSWSRCbits = 0x75a
                    0x075c                  DSGPR0 = 0x75c
                    0x075c                  _DSGPR0 = 0x75c
                    0x075e                  DSGPR1 = 0x75e
                    0x075e                  _DSGPR1 = 0x75e
                    0x0760                  NVMCON = 0x760
                    0x0760                  _NVMCON = 0x760
                    0x0760                  _NVMCONbits = 0x760
                    0x0766                  NVMKEY = 0x766
                    0x0766                  _NVMKEY = 0x766
                    0x0766                  _NVMKEYbits = 0x766
                    0x0768                  ULPWCON = 0x768
                    0x0768                  _ULPWCON = 0x768
                    0x0768                  _ULPWCONbits = 0x768
                    0x0770                  PMD1 = 0x770
                    0x0770                  _PMD1 = 0x770
                    0x0770                  _PMD1bits = 0x770
                    0x0772                  PMD2 = 0x772
                    0x0772                  _PMD2 = 0x772
                    0x0772                  _PMD2bits = 0x772
                    0x0774                  PMD3 = 0x774
                    0x0774                  _PMD3 = 0x774
                    0x0774                  _PMD3bits = 0x774
                    0x0776                  PMD4 = 0x776
                    0x0776                  _PMD4 = 0x776
                    0x0776                  _PMD4bits = 0x776
                    0x0144                  IC1 = 0x144
                    0x0144                  _IC1 = 0x144
                    0x014c                  IC2 = 0x14c
                    0x014c                  _IC2 = 0x14c
                    0x0154                  IC3 = 0x154
                    0x0154                  _IC3 = 0x154
                    0x0194                  OC1 = 0x194
                    0x0194                  _OC1 = 0x194
                    0x019e                  OC2 = 0x19e
                    0x019e                  _OC2 = 0x19e
                    0x01a8                  OC3 = 0x1a8
                    0x01a8                  _OC3 = 0x1a8
                    0x0240                  SPI1 = 0x240
                    0x0240                  _SPI1 = 0x240
                    0x0260                  SPI2 = 0x260
                    0x0260                  _SPI2 = 0x260
                    0x0220                  UART1 = 0x220
                    0x0220                  _UART1 = 0x220
                    0x0230                  UART2 = 0x230
                    0x0230                  _UART2 = 0x230
START GROUP
LOAD c:/program files/microchip/xc16/v2.00/bin/bin/../../lib\libc99-pic30-elf.a
LOAD c:/program files/microchip/xc16/v2.00/bin/bin/../../lib\libm-elf.a
LOAD c:/program files/microchip/xc16/v2.00/bin/bin/../../lib\libc99-elf.a
END GROUP
OUTPUT(dist/default/production/radiotelescope-firmware.production.elf elf32-pic30)
LOAD /CW/_FGS
LOAD /CW/_FBS\Þ
LOAD jump_table
LOAD default_isr
LOAD data_init

.debug_pubtypes
                  0x000188        0x6a9
 .debug_pubtypes
                  0x000188         0x6b build/default/production/mcc_generated_files/uart2.o
 .debug_pubtypes
                  0x0001f3         0x4e build/default/production/mcc_generated_files/traps.o
 .debug_pubtypes
                  0x000241         0x6b build/default/production/mcc_generated_files/uart1.o
 .debug_pubtypes
                  0x0002ac         0x97 build/default/production/mcc_generated_files/pin_manager.o
 .debug_pubtypes
                  0x000343         0x3c build/default/production/mcc_generated_files/interrupt_manager.o
 .debug_pubtypes
                  0x00037f        0x13c build/default/production/mcc_generated_files/i2c1.o
 .debug_pubtypes
                  0x0004bb         0xbc build/default/production/mcc_generated_files/adc1.o
 .debug_pubtypes
                  0x000577         0xbc build/default/production/mcc_generated_files/system.o
 .debug_pubtypes
                  0x000633         0x2b build/default/production/mcc_generated_files/clock.o
 .debug_pubtypes
                  0x00065e         0x87 build/default/production/mcc_generated_files/tmr1.o
 .debug_pubtypes
                  0x0006e5         0x67 build/default/production/main.o
 .debug_pubtypes
                  0x00074c         0xd3 build/default/production/diagnostic.o
 .debug_pubtypes
                  0x00081f         0x12 build/default/production/common.o

__c30_signature
                  0x000831        0x132
 __c30_signature
                  0x000831          0x6 build/default/production/mcc_generated_files/uart2.o
 __c30_signature
                  0x000837          0x6 build/default/production/mcc_generated_files/traps.o
 __c30_signature
                  0x00083d          0x6 build/default/production/mcc_generated_files/uart1.o
 __c30_signature
                  0x000843          0x6 build/default/production/mcc_generated_files/pin_manager.o
 __c30_signature
                  0x000849          0x6 build/default/production/mcc_generated_files/interrupt_manager.o
 __c30_signature
                  0x00084f          0x6 build/default/production/mcc_generated_files/i2c1.o
 __c30_signature
                  0x000855          0x6 build/default/production/mcc_generated_files/adc1.o
 __c30_signature
                  0x00085b          0x6 build/default/production/mcc_generated_files/system.o
 __c30_signature
                  0x000861          0x6 build/default/production/mcc_generated_files/clock.o
 __c30_signature
                  0x000867          0x6 build/default/production/mcc_generated_files/tmr1.o
 __c30_signature
                  0x00086d          0x6 build/default/production/mcc_generated_files/mcc.o
 __c30_signature
                  0x000873          0x6 build/default/production/main.o
 __c30_signature
                  0x000879          0x6 build/default/production/diagnostic.o
 __c30_signature
                  0x00087f          0x6 build/default/production/common.o
 __c30_signature
                  0x000885          0x6 c:/program files/microchip/xc16/v2.00/bin/bin/../../lib\libc99-pic30-elf.a(crt0_standard.o)
 __c30_signature
                  0x00088b          0x6 c:/program files/microchip/xc16/v2.00/bin/bin/../../lib\libc99-pic30-elf.a(data_init_standard.o)
 __c30_signature
                  0x000891          0x6 c:/program files/microchip/xc16/v2.00/bin/bin/../../lib\libc99-pic30-elf.a(delay32.Meo)
 __c30_signature
                  0x000897          0x6 c:/program files/microchip/xc16/v2.00/bin/bin/../../lib\libc99-elf.a(__sio_printf_doux.XX_o)
 __c30_signature
                  0x00089d          0x6 c:/program files/microchip/xc16/v2.00/bin/bin/../../lib\libc99-elf.a(puts.XX_o)
 __c30_signature
                  0x0008a3          0x6 c:/program files/microchip/xc16/v2.00/bin/bin/../../lib\libc99-elf.a(__fmt_d.XX_o)
 __c30_signature
                  0x0008a9          0x6 c:/program files/microchip/xc16/v2.00/bin/bin/../../lib\libc99-elf.a(__fmt_o.XX_o)
 __c30_signature
                  0x0008af          0x6 c:/program files/microchip/xc16/v2.00/bin/bin/../../lib\libc99-elf.a(__fmt_s.XX_o)
 __c30_signature
                  0x0008b5          0x6 c:/program files/microchip/xc16/v2.00/bin/bin/../../lib\libc99-elf.a(__fmt_u.XX_o)
 __c30_signature
                  0x0008bb          0x6 c:/program files/microchip/xc16/v2.00/bin/bin/../../lib\libc99-elf.a(__fmt_x.XX_o)
 __c30_signature
                  0x0008c1          0x6 c:/program files/microchip/xc16/v2.00/bin/bin/../../lib\libc99-elf.a(__int_vfprintf.XX_o)
 __c30_signature
                  0x0008c7          0x6 c:/program files/microchip/xc16/v2.00/bin/bin/../../lib\libc99-elf.a(__printf_core.XX_o)
 __c30_signature
                  0x0008cd          0x6 c:/program files/microchip/xc16/v2.00/bin/bin/../../lib\libc99-elf.a(fputs.XX_o)
 __c30_signature
                  0x0008d3          0x6 c:/program files/microchip/xc16/v2.00/bin/bin/../../lib\libc99-elf.a(fwrite.XX_o)
 __c30_signature
                  0x0008d9          0x6 c:/program files/microchip/xc16/v2.00/bin/bin/../../lib\libc99-elf.a(memcpy.XX_o)
 __c30_signature
                  0x0008df          0x6 c:/program files/microchip/xc16/v2.00/bin/bin/../../lib\libc99-elf.a(memset.XX_o)
 __c30_signature
                  0x0008e5          0x6 c:/program files/microchip/xc16/v2.00/bin/bin/../../lib\libc99-elf.a(putc.XX_o)
 __c30_signature
                  0x0008eb          0x6 c:/program files/microchip/xc16/v2.00/bin/bin/../../lib\libc99-elf.a(stdout.XX_o)
 __c30_signature
                  0x0008f1          0x6 c:/program files/microchip/xc16/v2.00/bin/bin/../../lib\libc99-elf.a(strlen.XX_o)
 __c30_signature
                  0x0008f7          0x6 c:/program files/microchip/xc16/v2.00/bin/bin/../../lib\libc99-elf.a(__out.XX_o)
 __c30_signature
                  0x0008fd          0x6 c:/program files/microchip/xc16/v2.00/bin/bin/../../lib\libc99-elf.a(__stdio_close.XX_o)
 __c30_signature
                  0x000903          0x6 c:/program files/microchip/xc16/v2.00/bin/bin/../../lib\libc99-elf.a(atoi.XX_o)
 __c30_signature
                  0x000909          0x6 c:/program files/microchip/xc16/v2.00/bin/bin/../../lib\libc99-elf.a(tolower.XX_o)
 __c30_signature
                  0x00090f          0x6 c:/program files/microchip/xc16/v2.00/bin/bin/../../lib\libc99-elf.a(toupper.XX_o)
 __c30_signature
                  0x000915          0x6 c:/program files/microchip/xc16/v2.00/bin/bin/../../lib\libc99-elf.a(__errno_location.XX_lo)
 __c30_signature
                  0x00091b          0x6 c:/program files/microchip/xc16/v2.00/bin/bin/../../lib\libc99-elf.a(__io_init_needed.XX_lo)
 __c30_signature
                  0x000921          0x6 c:/program files/microchip/xc16/v2.00/bin/bin/../../lib\libc99-elf.a(__pop_float.XX_lo)
 __c30_signature
                  0x000927          0x6 c:/program files/microchip/xc16/v2.00/bin/bin/../../lib\libc99-elf.a(__pop_int.XX_lo)
 __c30_signature
                  0x00092d          0x6 c:/program files/microchip/xc16/v2.00/bin/bin/../../lib\libc99-elf.a(__pop_ptr.XX_lo)
 __c30_signature
                  0x000933          0x6 c:/program files/microchip/xc16/v2.00/bin/bin/../../lib\libc99-elf.a(__init_stdio.XX_o)
 __c30_signature
                  0x000939          0x6 c:/program files/microchip/xc16/v2.00/bin/bin/../../lib\libc99-elf.a(__io_file_needed.XX_o)
 __c30_signature
                  0x00093f          0x6 c:/program files/microchip/xc16/v2.00/bin/bin/../../lib\libc99-pic30-elf.a(extendsfdf.XX_o)
 __c30_signature
                  0x000945          0x6 c:/program files/microchip/xc16/v2.00/bin/bin/../../lib\libc99-pic30-elf.a(funpack.XX_o)
 __c30_signature
                  0x00094b          0x6 c:/program files/microchip/xc16/v2.00/bin/bin/../../lib\libc99-pic30-elf.a(mulsi3.XX_o)
 __c30_signature
                  0x000951          0x6 c:/program files/microchip/xc16/v2.00/bin/bin/../../lib\libc99-pic30-elf.a(lseek.Meo)
 __c30_signature
                  0x000957          0x6 c:/program files/microchip/xc16/v2.00/bin/bin/../../lib\libc99-pic30-elf.a(close.Meo)
 __c30_signature
                  0x00095d          0x6 c:/program files/microchip/xc16/v2.00/bin/bin/../../lib\libc99-pic30-elf.a(divmoddi3.XX_o)

__xc_reference_data
                  0x00157c          0xa
 __xc_reference_data
                  0x00157c          0x2 c:/program files/microchip/xc16/v2.00/bin/bin/../../lib\libc99-elf.a(putc.XX_o)
                  0x00157c                  ___putc_needs_out
 __xc_reference_data
                  0x00157e          0x2 c:/program files/microchip/xc16/v2.00/bin/bin/../../lib\libc99-elf.a(stdout.XX_o)
                  0x00157e                  ___stdout_needs_init
 __xc_reference_data
                  0x001580          0x4 c:/program files/microchip/xc16/v2.00/bin/bin/../../lib\libc99-elf.a(__io_init_needed.XX_lo)
                  0x001580                  ___io_init_needed
                  0x001582                  ___io_init_needs_file
 __xc_reference_data
                  0x001584          0x2 c:/program files/microchip/xc16/v2.00/bin/bin/../../lib\libc99-elf.a(__io_file_needed.XX_o)
                  0x001584                  ___io_file_needed

.nbss               0x0800         0x4c
 .nbss              0x0800         0x2a build/default/production/mcc_generated_files/i2c1.o
 .nbss              0x082a         0x20 build/default/production/mcc_generated_files/traps.o
 .nbss              0x084a          0x2 build/default/production/mcc_generated_files/uart2.o
                    0x084a                  _print_uartx

.ndata              0x084c          0x2
 .ndata             0x084c          0x2 build/default/production/mcc_generated_files/traps.o

.nbss               0x084e          0x6
 .nbss              0x084e          0x2 build/default/production/mcc_generated_files/pin_manager.o
                    0x084e                  _CN_InterruptHandler
 .nbss              0x0850          0x2 build/default/production/mcc_generated_files/adc1.o
 .nbss              0x0852          0x2 build/default/production/mcc_generated_files/tmr1.o

.data               0x0854         0x5e
 .data              0x0854         0x42 c:/program files/microchip/xc16/v2.00/bin/bin/../../lib\libc99-elf.a(stdout.XX_o)
                    0x0854                  __stdout
                    0x0856                  ___stdout_used
 .data              0x0896         0x1c c:/program files/microchip/xc16/v2.00/bin/bin/../../lib\libc99-elf.a(__printf_core.XX_o)

.bss                0x08b2          0x2
 .bss               0x08b2          0x2 c:/program files/microchip/xc16/v2.00/bin/bin/../../lib\libc99-elf.a(__errno_location.XX_lo)
                    0x08b2                  ___errno_val

.ivt._OscillatorFail
                  0x000006          0x2
 .ivt._OscillatorFail
                  0x000006          0x2 build/default/production/mcc_generated_files/traps.o

.ivt._StackError
                  0x00000a          0x2
 .ivt._StackError
                  0x00000a          0x2 build/default/production/mcc_generated_files/traps.o

.ivt._AddressError
                  0x000008          0x2
 .ivt._AddressError
                  0x000008          0x2 build/default/production/mcc_generated_files/traps.o

.ivt._MathError
                  0x00000c          0x2
 .ivt._MathError
                  0x00000c          0x2 build/default/production/mcc_generated_files/traps.o

.ivt._CNInterrupt
                  0x00003a          0x2
 .ivt._CNInterrupt
                  0x00003a          0x2 build/default/production/mcc_generated_files/pin_manager.o

.ivt._MI2C1Interrupt
                  0x000036          0x2
 .ivt._MI2C1Interrupt
                  0x000036          0x2 build/default/production/mcc_generated_files/i2c1.o

.config_DSWDTEN
                  0xf80010          0x2
 .config_DSWDTEN
                  0xf80010          0x2 build/default/production/mcc_generated_files/system.o

.config_ICS       0xf8000e          0x2
 .config_ICS      0xf8000e          0x2 build/default/production/mcc_generated_files/system.o

.config_MCLRE     0xf8000c          0x2
 .config_MCLRE    0xf8000c          0x2 build/default/production/mcc_generated_files/system.o

.config_WINDIS    0xf8000a          0x2
 .config_WINDIS
                  0xf8000a          0x2 build/default/production/mcc_generated_files/system.o

.config_FCKSM     0xf80008          0x2
 .config_FCKSM    0xf80008          0x2 build/default/production/mcc_generated_files/system.o

.config_IESO      0xf80006          0x2
 .config_IESO     0xf80006          0x2 build/default/production/mcc_generated_files/system.o

.const              0x957c         0x90 load address 0x00157c  
 .const             0x957c         0x50 build/default/production/diagnostic.o
 .const             0x95cc         0x40 build/default/production/main.o

.text             0x00160c        0x62a
 .text            0x00160c        0x240 build/default/production/mcc_generated_files/i2c1.o
                  0x00160c                  _I2C1_Initialize
                  0x00164e                  _I2C1_ErrorCountGet
                  0x00169c                  _I2C1_MasterWrite
                  0x0016de                  _I2C1_MasterRead
                  0x001720                  _I2C1_MasterTRBInsert
                  0x0017b0                  _I2C1_MasterReadTRBBuild
                  0x0017ec                  _I2C1_MasterWriteTRBBuild
                  0x00181c                  _I2C1_MasterQueueIsEmpty
                  0x001834                  _I2C1_MasterQueueIsFull
 .text            0x00184c        0x134 build/default/production/diagnostic.o
                  0x001914                  _diagnostic_main
 .text            0x001980         0xb8 build/default/production/mcc_generated_files/uart2.o
                  0x001980                  _UART2_Initialize
                  0x001994                  _UART2_Read
                  0x0019b2                  _UART2_Write
                  0x0019ca                  _UART2_IsRxReady
                  0x0019e2                  _UART2_IsTxReady
                  0x001a04                  _UART2_IsTxDone
                  0x001a1c                  _UART2_StatusGet
                  0x001a24                  _UART2_Enable
                  0x001a2e                  _UART2_Disable
 .text            0x001a38         0xb8 build/default/production/mcc_generated_files/uart1.o
                  0x001a38                  _UART1_Initialize
                  0x001a4c                  _UART1_Read
                  0x001a6a                  _UART1_Write
                  0x001a82                  _UART1_IsRxReady
                  0x001a9a                  _UART1_IsTxReady
                  0x001abc                  _UART1_IsTxDone
                  0x001ad4                  _UART1_StatusGet
                  0x001adc                  _UART1_Enable
                  0x001ae6                  _UART1_Disable
 .text            0x001af0         0xb4 build/default/production/mcc_generated_files/adc1.o
                  0x001af0                  _ADC1_Initialize
                  0x001b1a                  _ADC1_CallBack
                  0x001b20                  _ADC1_SetInterruptHandler
                  0x001b2c                  _ADC1_Tasks
                  0x001b48                  _ADC1_Start
                  0x001b50                  _ADC1_Stop
                  0x001b58                  _ADC1_ConversionResultBufferGet
 .text            0x001ba4         0x92 build/default/production/mcc_generated_files/tmr1.o
                  0x001ba4                  _TMR1_Initialize
                  0x001bb6                  _TMR1_Tasks_16BitOperation
                  0x001bd0                  _TMR1_Period16BitSet
                  0x001bde                  _TMR1_Period16BitGet
                  0x001be6                  _TMR1_Counter16BitSet
                  0x001bf4                  _TMR1_Counter16BitGet
                  0x001bfc                  _TMR1_Start
                  0x001c06                  _TMR1_Stop
                  0x001c0e                  _TMR1_GetElapsedThenClear
                  0x001c24                  _TMR1_SoftwareCounterGet
                  0x001c2e                  _TMR1_SoftwareCounterClear

.dinit            0x001c36         0x80
 .dinit           0x001c36         0x80 data_init

.text             0x001cb6        0x128
 .text            0x001cb6         0x6a build/default/production/mcc_generated_files/pin_manager.o
                  0x001cb6                  _PIN_MANAGER_Initialize
                  0x001cfe                  _CN_CallBack
                  0x001d04                  _CN_SetInterruptHandler
                  0x001d14                  _CN_SetIOCInterruptHandler
 .text            0x001d20         0x42 build/default/production/main.o
                  0x001d20                  _main
 .text            0x001d62         0x32 build/default/production/mcc_generated_files/clock.o
                  0x001d62                  _CLOCK_Initialize
 .text            0x001d94         0x26 build/default/production/common.o
                  0x001d94                  _get_char_wait_tag
                  0x001da8                  _get_char_tag
 .text            0x001dba         0x24 build/default/production/mcc_generated_files/interrupt_manager.o
                  0x001dba                  _INTERRUPT_Initialize

.init.delay32     0x001dde         0x1c
 .init.delay32    0x001dde         0x1c c:/program files/microchip/xc16/v2.00/bin/bin/../../lib\libc99-pic30-elf.a(delay32.Meo)
                  0x001dde                  ___delay32

.text             0x001dfa         0x2e
 .text            0x001dfa         0x18 build/default/production/mcc_generated_files/traps.o
                  0x001dfa                  _TRAPS_halt_on_error
 .text            0x001e12         0x16 build/default/production/mcc_generated_files/system.o
                  0x001e12                  _SYSTEM_Initialize
